<?xml version="1.0" encoding="UTF-8"?>
<!DOCTYPE map PUBLIC "-//OASIS//DTD DITA Map//EN" "map.dtd">
<map>
 <title>Handschriftenbeschreibung</title>
 <topicref href="Handschriftenbeschreibungen"/>
 <topicref href="Allgemeines"/>
 <topicref href="Inhalt"/>
 <topicref href="physische_Beschaffenheit"/>
 <topicref href="Material"/>
 <topicref href="Wasserzeichen"/>
 <topicref href="Maße"></topicref>
 <topicref href="Anzahl_der_Folia"></topicref>
 <topicref href="Lagen"></topicref>
 <topicref href="Griechische_Kustoden"></topicref>
 <topicref href="Lagensignierung"></topicref>
 <topicref href="Reklamanten"></topicref>
 <topicref href="Anzahl_der_Linien"></topicref>
 <topicref href="Kopisten"></topicref>
 <topicref href="Ergänzungen_zum_Textbestand"></topicref>
 <topicref href="Einband"></topicref>
 <topicref href="Geschichte"></topicref>
 <topicref href="Datierung_und_Entstehung"></topicref>
 <topicref href="Provenienz"></topicref>
 <topicref href="Weitere_Informationen"></topicref>
 <topicref href="Bearbeiter"></topicref>
 <topicref href="table"/> 
 <topicref href="Zitate"></topicref>
 <topicref href="Anmerkung"></topicref>
 <topicref href="Registerfunktionen"></topicref>
 <topicref href="Achtung.Registerfunktionen"></topicref>
 <topicref href="Personennamen"></topicref>
 <topicref href="Werktitel"></topicref>
 <topicref href="Orte_und_Institutionen"></topicref>
 <topicref href="Bearbeitungskommentare_und_Markierungen"></topicref>
 <topicref href="Kommentare"></topicref>
 <topicref href="Markierungen"></topicref>
 <topicref href="Großes_Kommentarfeld"></topicref>
 <topicref href="Export"></topicref>
</map>
